[    0.000000] Linux version 4.15.0-123-generic (buildd@lcy01-amd64-017) (gcc version 7.5.0 (Ubuntu 7.5.0-3ubuntu1~18.04)) #126-Ubuntu SMP Wed Oct 21 09:40:11 UTC 2020 (Ubuntu 4.15.0-123.126-generic 4.15.18)
[    0.000000] Command line: BOOT_IMAGE=/boot/vmlinuz-4.15.0-123-generic root=LABEL=cloudimg-rootfs ro console=tty1 console=ttyS0
[    0.000000] KERNEL supported cpus:
[    0.000000]   Intel GenuineIntel
[    0.000000]   AMD AuthenticAMD
[    0.000000]   Centaur CentaurHauls
[    0.000000] x86/fpu: Supporting XSAVE feature 0x001: 'x87 floating point registers'
[    0.000000] x86/fpu: Supporting XSAVE feature 0x002: 'SSE registers'
[    0.000000] x86/fpu: Supporting XSAVE feature 0x004: 'AVX registers'
[    0.000000] x86/fpu: xstate_offset[2]:  576, xstate_sizes[2]:  256
[    0.000000] x86/fpu: Enabled xstate features 0x7, context size is 832 bytes, using 'standard' format.
[    0.000000] e820: BIOS-provided physical RAM map:
[    0.000000] BIOS-e820: [mem 0x0000000000000000-0x000000000009fbff] usable
[    0.000000] BIOS-e820: [mem 0x000000000009fc00-0x000000000009ffff] reserved
[    0.000000] BIOS-e820: [mem 0x00000000000f0000-0x00000000000fffff] reserved
[    0.000000] BIOS-e820: [mem 0x0000000000100000-0x000000007ffeffff] usable
[    0.000000] BIOS-e820: [mem 0x000000007fff0000-0x000000007fffffff] ACPI data
[    0.000000] BIOS-e820: [mem 0x00000000fec00000-0x00000000fec00fff] reserved
[    0.000000] BIOS-e820: [mem 0x00000000fee00000-0x00000000fee00fff] reserved
[    0.000000] BIOS-e820: [mem 0x00000000fffc0000-0x00000000ffffffff] reserved
[    0.000000] NX (Execute Disable) protection: active
[    0.000000] SMBIOS 2.5 present.
[    0.000000] DMI: innotek GmbH VirtualBox/VirtualBox, BIOS VirtualBox 12/01/2006
[    0.000000] Hypervisor detected: KVM
[    0.000000] e820: last_pfn = 0x7fff0 max_arch_pfn = 0x400000000
[    0.000000] MTRR: Disabled
[    0.000000] x86/PAT: MTRRs disabled, skipping PAT initialization too.
[    0.000000] CPU MTRRs all blank - virtualized system.
[    0.000000] x86/PAT: Configuration [0-7]: WB  WT  UC- UC  WB  WT  UC- UC  
[    0.000000] found SMP MP-table at [mem 0x0009fff0-0x0009ffff]
[    0.000000] Scanning 1 areas for low memory corruption
[    0.000000] RAMDISK: [mem 0x35a65000-0x36d29fff]
[    0.000000] ACPI: Early table checksum verification disabled
[    0.000000] ACPI: RSDP 0x00000000000E0000 000024 (v02 VBOX  )
[    0.000000] ACPI: XSDT 0x000000007FFF0030 00003C (v01 VBOX   VBOXXSDT 00000001 ASL  00000061)
[    0.000000] ACPI: FACP 0x000000007FFF00F0 0000F4 (v04 VBOX   VBOXFACP 00000001 ASL  00000061)
[    0.000000] ACPI: DSDT 0x000000007FFF0470 002325 (v02 VBOX   VBOXBIOS 00000002 INTL 20100528)
[    0.000000] ACPI: FACS 0x000000007FFF0200 000040
[    0.000000] ACPI: FACS 0x000000007FFF0200 000040
[    0.000000] ACPI: APIC 0x000000007FFF0240 000054 (v02 VBOX   VBOXAPIC 00000001 ASL  00000061)
[    0.000000] ACPI: SSDT 0x000000007FFF02A0 0001CC (v01 VBOX   VBOXCPUT 00000002 INTL 20100528)
[    0.000000] No NUMA configuration found
[    0.000000] Faking a node at [mem 0x0000000000000000-0x000000007ffeffff]
[    0.000000] NODE_DATA(0) allocated [mem 0x7ffc5000-0x7ffeffff]
[    0.000000] kvm-clock: cpu 0, msr 0:7ff44001, primary cpu clock
[    0.000000] kvm-clock: Using msrs 4b564d01 and 4b564d00
[    0.000000] kvm-clock: using sched offset of 3692593537 cycles
[    0.000000] clocksource: kvm-clock: mask: 0xffffffffffffffff max_cycles: 0x1cd42e4dffb, max_idle_ns: 881590591483 ns
[    0.000000] Zone ranges:
[    0.000000]   DMA      [mem 0x0000000000001000-0x0000000000ffffff]
[    0.000000]   DMA32    [mem 0x0000000001000000-0x000000007ffeffff]
[    0.000000]   Normal   empty
[    0.000000]   Device   empty
[    0.000000] Movable zone start for each node
[    0.000000] Early memory node ranges
[    0.000000]   node   0: [mem 0x0000000000001000-0x000000000009efff]
[    0.000000]   node   0: [mem 0x0000000000100000-0x000000007ffeffff]
[    0.000000] Reserved but unavailable: 98 pages
[    0.000000] Initmem setup node 0 [mem 0x0000000000001000-0x000000007ffeffff]
[    0.000000] ACPI: PM-Timer IO Port: 0x4008
[    0.000000] IOAPIC[0]: apic_id 1, version 32, address 0xfec00000, GSI 0-23
[    0.000000] ACPI: INT_SRC_OVR (bus 0 bus_irq 0 global_irq 2 dfl dfl)
[    0.000000] ACPI: INT_SRC_OVR (bus 0 bus_irq 9 global_irq 9 low level)
[    0.000000] Using ACPI (MADT) for SMP configuration information
[    0.000000] smpboot: Allowing 1 CPUs, 0 hotplug CPUs
[    0.000000] PM: Registered nosave memory: [mem 0x00000000-0x00000fff]
[    0.000000] PM: Registered nosave memory: [mem 0x0009f000-0x0009ffff]
[    0.000000] PM: Registered nosave memory: [mem 0x000a0000-0x000effff]
[    0.000000] PM: Registered nosave memory: [mem 0x000f0000-0x000fffff]
[    0.000000] e820: [mem 0x80000000-0xfebfffff] available for PCI devices
[    0.000000] Booting paravirtualized kernel on KVM
[    0.000000] clocksource: refined-jiffies: mask: 0xffffffff max_cycles: 0xffffffff, max_idle_ns: 7645519600211568 ns
[    0.000000] random: get_random_bytes called from start_kernel+0x99/0x500 with crng_init=0
[    0.000000] setup_percpu: NR_CPUS:8192 nr_cpumask_bits:1 nr_cpu_ids:1 nr_node_ids:1
[    0.000000] percpu: Embedded 45 pages/cpu s147456 r8192 d28672 u2097152
[    0.000000] PV qspinlock hash table entries: 256 (order: 0, 4096 bytes)
[    0.000000] Built 1 zonelists, mobility grouping on.  Total pages: 515961
[    0.000000] Policy zone: DMA32
[    0.000000] Kernel command line: BOOT_IMAGE=/boot/vmlinuz-4.15.0-123-generic root=LABEL=cloudimg-rootfs ro console=tty1 console=ttyS0
[    0.000000] Memory: 2015400K/2096696K available (12300K kernel code, 2482K rwdata, 4272K rodata, 2436K init, 2724K bss, 81296K reserved, 0K cma-reserved)
[    0.000000] SLUB: HWalign=64, Order=0-3, MinObjects=0, CPUs=1, Nodes=1
[    0.000000] Kernel/User page tables isolation: enabled
[    0.000000] ftrace: allocating 39402 entries in 154 pages
[    0.004000] Hierarchical RCU implementation.
[    0.004000] 	RCU restricting CPUs from NR_CPUS=8192 to nr_cpu_ids=1.
[    0.004000] 	Tasks RCU enabled.
[    0.004000] RCU: Adjusting geometry for rcu_fanout_leaf=16, nr_cpu_ids=1
[    0.004000] NR_IRQS: 524544, nr_irqs: 256, preallocated irqs: 16
[    0.004000] Console: colour VGA+ 80x25
[    0.004000] console [tty1] enabled
[    0.004000] console [ttyS0] enabled
[    0.004000] ACPI: Core revision 20170831
[    0.004000] ACPI: 2 ACPI AML tables successfully acquired and loaded
[    0.004000] APIC: Switch to symmetric I/O mode setup
[    0.004000] x2apic enabled
[    0.004000] Switched APIC routing to physical x2apic.
[    0.004000] ..TIMER: vector=0x30 apic1=0 pin1=2 apic2=-1 pin2=-1
[    0.004004] tsc: Detected 2711.996 MHz processor
[    0.004948] Calibrating delay loop (skipped) preset value.. 5423.99 BogoMIPS (lpj=10847984)
[    0.008004] pid_max: default: 32768 minimum: 301
[    0.009146] Security Framework initialized
[    0.010112] Yama: becoming mindful.
[    0.010985] AppArmor: AppArmor initialized
[    0.016000] Dentry cache hash table entries: 262144 (order: 9, 2097152 bytes)
[    0.020000] Inode-cache hash table entries: 131072 (order: 8, 1048576 bytes)
[    0.020026] Mount-cache hash table entries: 4096 (order: 3, 32768 bytes)
[    0.021252] Mountpoint-cache hash table entries: 4096 (order: 3, 32768 bytes)
[    0.024363] process: using mwait in idle threads
[    0.025682] Last level iTLB entries: 4KB 64, 2MB 8, 4MB 8
[    0.028018] Last level dTLB entries: 4KB 64, 2MB 0, 4MB 0, 1GB 4
[    0.029536] Spectre V1 : Mitigation: usercopy/swapgs barriers and __user pointer sanitization
[    0.031863] Spectre V2 : Mitigation: Full generic retpoline
[    0.032005] Spectre V2 : Spectre v2 / SpectreRSB mitigation: Filling RSB on context switch
[    0.034245] Speculative Store Bypass: Vulnerable
[    0.036046] SRBDS: Unknown: Dependent on hypervisor status
[    0.037233] MDS: Mitigation: Clear CPU buffers
[    0.050477] Freeing SMP alternatives memory: 36K
[    0.161321] smpboot: CPU0: Intel(R) Core(TM) i5-7200U CPU @ 2.50GHz (family: 0x6, model: 0x8e, stepping: 0x9)
[    0.163457] Performance Events: unsupported p6 CPU model 142 no PMU driver, software events only.
[    0.164010] Hierarchical SRCU implementation.
[    0.165633] NMI watchdog: Perf event create on CPU 0 failed with -2
[    0.166984] NMI watchdog: Perf NMI watchdog permanently disabled
[    0.168033] smp: Bringing up secondary CPUs ...
[    0.169034] smp: Brought up 1 node, 1 CPU
[    0.169931] smpboot: Max logical packages: 1
[    0.170865] smpboot: Total of 1 processors activated (5423.99 BogoMIPS)
[    0.172118] devtmpfs: initialized
[    0.172952] x86/mm: Memory block size: 128MB
[    0.174152] evm: security.selinux
[    0.174933] evm: security.SMACK64
[    0.176003] evm: security.SMACK64EXEC
[    0.176852] evm: security.SMACK64TRANSMUTE
[    0.177810] evm: security.SMACK64MMAP
[    0.178680] evm: security.apparmor
[    0.179487] evm: security.ima
[    0.180002] evm: security.capability
[    0.180952] clocksource: jiffies: mask: 0xffffffff max_cycles: 0xffffffff, max_idle_ns: 7645041785100000 ns
[    0.182999] futex hash table entries: 256 (order: 2, 16384 bytes)
[    0.184037] pinctrl core: initialized pinctrl subsystem
[    0.185274] RTC time:  9:11:40, date: 12/12/20
[    0.186339] NET: Registered protocol family 16
[    0.188101] audit: initializing netlink subsys (disabled)
[    0.189313] cpuidle: using governor ladder
[    0.190253] cpuidle: using governor menu
[    0.191199] ACPI: bus type PCI registered
[    0.192002] acpiphp: ACPI Hot Plug PCI Controller Driver version: 0.5
[    0.193461] PCI: Using configuration type 1 for base access
[    0.194721] audit: type=2000 audit(1607764305.387:1): state=initialized audit_enabled=0 res=1
[    0.197197] HugeTLB registered 2.00 MiB page size, pre-allocated 0 pages
[    0.198821] ACPI: Added _OSI(Module Device)
[    0.200004] ACPI: Added _OSI(Processor Device)
[    0.200987] ACPI: Added _OSI(3.0 _SCP Extensions)
[    0.202012] ACPI: Added _OSI(Processor Aggregator Device)
[    0.204008] ACPI: Added _OSI(Linux-Dell-Video)
[    0.205001] ACPI: Added _OSI(Linux-Lenovo-NV-HDMI-Audio)
[    0.206166] ACPI: Added _OSI(Linux-HPI-Hybrid-Graphics)
[    0.207607] ACPI: Executed 1 blocks of module-level executable AML code
[    0.213371] ACPI: Interpreter enabled
[    0.214221] ACPI: (supports S0 S5)
[    0.214910] ACPI: Using IOAPIC for interrupt routing
[    0.216000] PCI: Using host bridge windows from ACPI; if necessary, use "pci=nocrs" and report a bug
[    0.216200] ACPI: Enabled 2 GPEs in block 00 to 07
[    0.229669] ACPI: PCI Root Bridge [PCI0] (domain 0000 [bus 00-ff])
[    0.232007] acpi PNP0A03:00: _OSC: OS supports [ASPM ClockPM Segments MSI]
[    0.233873] acpi PNP0A03:00: _OSC: not requesting OS control; OS requires [ExtendedConfig ASPM ClockPM MSI]
[    0.235615] acpi PNP0A03:00: fail to add MMCONFIG information, can't access extended PCI configuration space under this bridge.
[    0.236471] PCI host bridge to bus 0000:00
[    0.237351] pci_bus 0000:00: root bus resource [io  0x0000-0x0cf7 window]
[    0.240003] pci_bus 0000:00: root bus resource [io  0x0d00-0xffff window]
[    0.241397] pci_bus 0000:00: root bus resource [mem 0x000a0000-0x000bffff window]
[    0.242949] pci_bus 0000:00: root bus resource [mem 0x80000000-0xfdffffff window]
[    0.244002] pci_bus 0000:00: root bus resource [bus 00-ff]
[    0.249011] pci 0000:00:01.1: legacy IDE quirk: reg 0x10: [io  0x01f0-0x01f7]
[    0.250505] pci 0000:00:01.1: legacy IDE quirk: reg 0x14: [io  0x03f6]
[    0.251827] pci 0000:00:01.1: legacy IDE quirk: reg 0x18: [io  0x0170-0x0177]
[    0.252002] pci 0000:00:01.1: legacy IDE quirk: reg 0x1c: [io  0x0376]
[    0.271290] pci 0000:00:07.0: quirk: [io  0x4000-0x403f] claimed by PIIX4 ACPI
[    0.272018] pci 0000:00:07.0: quirk: [io  0x4100-0x410f] claimed by PIIX4 SMB
[    0.282043] ACPI: PCI Interrupt Link [LNKA] (IRQs 5 9 10 *11)
[    0.284429] ACPI: PCI Interrupt Link [LNKB] (IRQs 5 9 *10 11)
[    0.285753] ACPI: PCI Interrupt Link [LNKC] (IRQs 5 *9 10 11)
[    0.287128] ACPI: PCI Interrupt Link [LNKD] (IRQs 5 9 10 *11)
[    0.288294] SCSI subsystem initialized
[    0.289254] pci 0000:00:02.0: vgaarb: setting as boot VGA device
[    0.290496] pci 0000:00:02.0: vgaarb: VGA device added: decodes=io+mem,owns=io+mem,locks=none
[    0.292003] pci 0000:00:02.0: vgaarb: bridge control possible
[    0.293258] vgaarb: loaded
[    0.293916] ACPI: bus type USB registered
[    0.296019] usbcore: registered new interface driver usbfs
[    0.297180] usbcore: registered new interface driver hub
[    0.298316] usbcore: registered new device driver usb
[    0.299474] EDAC MC: Ver: 3.0.0
[    0.300362] PCI: Using ACPI for IRQ routing
[    0.301654] NetLabel: Initializing
[    0.302471] NetLabel:  domain hash size = 128
[    0.303407] NetLabel:  protocols = UNLABELED CIPSOv4 CALIPSO
[    0.304037] NetLabel:  unlabeled traffic allowed by default
[    0.305268] clocksource: Switched to clocksource kvm-clock
[    0.327044] VFS: Disk quotas dquot_6.6.0
[    0.328194] VFS: Dquot-cache hash table entries: 512 (order 0, 4096 bytes)
[    0.329750] AppArmor: AppArmor Filesystem Enabled
[    0.330816] pnp: PnP ACPI init
[    0.332777] pnp: PnP ACPI: found 3 devices
[    0.339231] clocksource: acpi_pm: mask: 0xffffff max_cycles: 0xffffff, max_idle_ns: 2085701024 ns
[    0.341239] NET: Registered protocol family 2
[    0.342323] TCP established hash table entries: 16384 (order: 5, 131072 bytes)
[    0.343930] TCP bind hash table entries: 16384 (order: 6, 262144 bytes)
[    0.345395] TCP: Hash tables configured (established 16384 bind 16384)
[    0.346831] UDP hash table entries: 1024 (order: 3, 32768 bytes)
[    0.348092] UDP-Lite hash table entries: 1024 (order: 3, 32768 bytes)
[    0.349503] NET: Registered protocol family 1
[    0.350460] pci 0000:00:00.0: Limiting direct PCI/PCI transfers
[    0.351720] pci 0000:00:01.0: Activating ISA DMA hang workarounds
[    0.353068] pci 0000:00:02.0: Video device with shadowed ROM at [mem 0x000c0000-0x000dffff]
[    0.354927] Unpacking initramfs...
[    0.829184] Freeing initrd memory: 19220K
[    0.830084] clocksource: tsc: mask: 0xffffffffffffffff max_cycles: 0x271782d3887, max_idle_ns: 440795314643 ns
[    0.832201] platform rtc_cmos: registered platform RTC device (no PNP device found)
[    0.833964] Scanning for low memory corruption every 60 seconds
[    0.835665] Initialise system trusted keyrings
[    0.836673] Key type blacklist registered
[    0.837563] workingset: timestamp_bits=36 max_order=19 bucket_order=0
[    0.840209] zbud: loaded
[    0.841251] squashfs: version 4.0 (2009/01/31) Phillip Lougher
[    0.842423] fuse init (API version 7.26)
[    0.843884] Key type asymmetric registered
[    0.844689] Asymmetric key parser 'x509' registered
[    0.845620] Block layer SCSI generic (bsg) driver version 0.4 loaded (major 246)
[    0.847169] io scheduler noop registered
[    0.847922] io scheduler deadline registered
[    0.848808] io scheduler cfq registered (default)
[    0.849917] ACPI: AC Adapter [AC] (on-line)
[    0.850777] input: Power Button as /devices/LNXSYSTM:00/LNXPWRBN:00/input/input0
[    0.852151] ACPI: Power Button [PWRF]
[    0.853011] input: Sleep Button as /devices/LNXSYSTM:00/LNXSLPBN:00/input/input1
[    0.854376] ACPI: Sleep Button [SLPF]
[    0.856128] ACPI: Battery Slot [BAT0] (battery present)
[    0.858169] virtio-pci 0000:00:03.0: virtio_pci: leaving for legacy driver
[    0.860250] virtio-pci 0000:00:08.0: virtio_pci: leaving for legacy driver
[    0.861606] Serial: 8250/16550 driver, 32 ports, IRQ sharing enabled
[    0.883735] 00:02: ttyS0 at I/O 0x3f8 (irq = 4, base_baud = 115200) is a 16550A
[    0.886764] Linux agpgart interface v0.103
[    0.888674] loop: module loaded
[    0.889911] scsi host0: ata_piix
[    0.890722] scsi host1: ata_piix
[    0.891515] ata1: PATA max UDMA/33 cmd 0x1f0 ctl 0x3f6 bmdma 0xd000 irq 14
[    0.892944] ata2: PATA max UDMA/33 cmd 0x170 ctl 0x376 bmdma 0xd008 irq 15
[    0.894727] libphy: Fixed MDIO Bus: probed
[    0.895639] tun: Universal TUN/TAP device driver, 1.6
[    0.897033] PPP generic driver version 2.4.2
[    0.899051] ehci_hcd: USB 2.0 'Enhanced' Host Controller (EHCI) Driver
[    0.900392] ehci-pci: EHCI PCI platform driver
[    0.901425] ehci-platform: EHCI generic platform driver
[    0.902529] ohci_hcd: USB 1.1 'Open' Host Controller (OHCI) Driver
[    0.903813] ohci-pci: OHCI PCI platform driver
[    0.904852] ohci-platform: OHCI generic platform driver
[    0.905999] uhci_hcd: USB Universal Host Controller Interface driver
[    0.907414] i8042: PNP: PS/2 Controller [PNP0303:PS2K,PNP0f03:PS2M] at 0x60,0x64 irq 1,12
[    0.909679] serio: i8042 KBD port at 0x60,0x64 irq 1
[    0.910752] serio: i8042 AUX port at 0x60,0x64 irq 12
[    0.911896] mousedev: PS/2 mouse device common for all mice
[    0.913396] input: AT Translated Set 2 keyboard as /devices/platform/i8042/serio0/input/input2
[    0.915549] rtc_cmos rtc_cmos: rtc core: registered rtc_cmos as rtc0
[    0.916981] rtc_cmos rtc_cmos: alarms up to one day, 114 bytes nvram
[    0.918323] i2c /dev entries driver
[    0.919144] device-mapper: uevent: version 1.0.3
[    0.920192] device-mapper: ioctl: 4.37.0-ioctl (2017-09-20) initialised: dm-devel@redhat.com
[    0.922052] ledtrig-cpu: registered to indicate activity on CPUs
[    0.923449] intel_pmc_core:  initialized
[    0.924592] NET: Registered protocol family 10
[    0.928478] Segment Routing with IPv6
[    0.929350] NET: Registered protocol family 17
[    0.930353] Key type dns_resolver registered
[    0.931383] mce: Using 0 MCE banks
[    0.932015] RAS: Correctable Errors collector initialized.
[    0.933380] sched_clock: Marking stable (933354769, 0)->(1157831708, -224476939)
[    0.935000] registered taskstats version 1
[    0.935905] Loading compiled-in X.509 certificates
[    0.938889] Loaded X.509 cert 'Build time autogenerated kernel key: 423d6fc95fe30468112015aeb92af84ef3acf368'
[    0.940972] zswap: loaded using pool lzo/zbud
[    0.944664] Key type big_key registered
[    0.945528] Key type trusted registered
[    0.947683] Key type encrypted registered
[    0.948651] AppArmor: AppArmor sha1 policy hashing enabled
[    0.949794] ima: No TPM chip found, activating TPM-bypass! (rc=-19)
[    0.951063] ima: Allocated hash algorithm: sha1
[    0.952029] evm: HMAC attrs: 0x1
[    0.953052]   Magic number: 0:508:171
[    0.953946] rtc_cmos rtc_cmos: setting system clock to 2020-12-12 09:11:40 UTC (1607764300)
[    0.955739] BIOS EDD facility v0.16 2004-Jun-25, 0 devices found
[    0.957075] EDD information not available.
[    1.079593] Freeing unused kernel image memory: 2436K
[    1.088049] Write protecting the kernel read-only data: 20480k
[    1.089880] Freeing unused kernel image memory: 2008K
[    1.091140] Freeing unused kernel image memory: 1872K
[    1.100364] x86/mm: Checked W+X mappings: passed, no W+X pages found.
[    1.101738] x86/mm: Checking user space page tables
[    1.110806] x86/mm: Checked W+X mappings: passed, no W+X pages found.
Loading, please wait...
starting version 237
[    1.229608] Fusion MPT base driver 3.04.20
[    1.230527] Copyright (c) 1999-2008 LSI Corporation
[    1.251559] Fusion MPT SPI Host driver 3.04.20
[    1.270991] AVX2 version of gcm_enc/dec engaged.
[    1.272106] AES CTR mode by8 optimization enabled
[    1.290557] mptbase: ioc0: Initiating bringup
[    1.305927] virtio_net virtio1 enp0s8: renamed from eth1
[    1.308006] virtio_net virtio0 enp0s3: renamed from eth0
[    1.385103] ioc0: LSI53C1030 A0: Capabilities={Initiator}
[    1.446536] input: ImExPS/2 Generic Explorer Mouse as /devices/platform/i8042/serio1/input/input4
[    1.630087] scsi host2: ioc0: LSI53C1030 A0, FwRev=00000000h, Ports=1, MaxQ=256, IRQ=20
[    1.800611] scsi 2:0:0:0: Direct-Access     VBOX     HARDDISK         1.0  PQ: 0 ANSI: 5
[    1.802395] scsi target2:0:0: Beginning Domain Validation
[    1.806044] scsi target2:0:0: Domain Validation skipping write tests
[    1.807325] scsi target2:0:0: Ending Domain Validation
[    1.808741] scsi target2:0:0: asynchronous
[    1.809742] random: fast init done
[    1.811160] scsi 2:0:1:0: Direct-Access     VBOX     HARDDISK         1.0  PQ: 0 ANSI: 5
[    1.812858] scsi target2:0:1: Beginning Domain Validation
[    1.816393] scsi target2:0:1: Domain Validation skipping write tests
[    1.817536] scsi target2:0:1: Ending Domain Validation
[    1.818531] scsi target2:0:1: asynchronous
[    1.823273] random: systemd-udevd: uninitialized urandom read (16 bytes read)
[    1.824612] random: systemd-udevd: uninitialized urandom read (16 bytes read)
[    1.825886] random: systemd-udevd: uninitialized urandom read (16 bytes read)
[    1.827472] sd 2:0:0:0: [sda] 20971520 512-byte logical blocks: (10.7 GB/10.0 GiB)
[    1.828908] sd 2:0:0:0: Attached scsi generic sg0 type 0
[    1.829935] sd 2:0:0:0: [sda] Write Protect is off
[    1.831203] sd 2:0:0:0: [sda] Incomplete mode parameter data
[    1.832548] sd 2:0:0:0: [sda] Assuming drive cache: write through
[    1.834933] sd 2:0:1:0: [sdb] 20480 512-byte logical blocks: (10.5 MB/10.0 MiB)
[    1.836548] sd 2:0:1:0: Attached scsi generic sg1 type 0
[    1.837715] sd 2:0:1:0: [sdb] Write Protect is off
[    1.839240] sd 2:0:1:0: [sdb] Incomplete mode parameter data
[    1.841123] sd 2:0:1:0: [sdb] Assuming drive cache: write through
[    1.847953]  sda: sda1
[    1.850127] sd 2:0:0:0: [sda] Attached SCSI disk
[    1.851729] sd 2:0:1:0: [sdb] Attached SCSI disk
Begin: Loading essential drivers ... [    3.396949] raid6: sse2x1   gen() 10920 MB/s
[    3.444698] raid6: sse2x1   xor()  7194 MB/s
[    3.492045] raid6: sse2x2   gen() 12732 MB/s
[    3.540364] raid6: sse2x2   xor()  8307 MB/s
[    3.588172] raid6: sse2x4   gen() 14356 MB/s
[    3.636255] raid6: sse2x4   xor()  8542 MB/s
[    3.684322] raid6: avx2x1   gen() 20117 MB/s
[    3.732148] raid6: avx2x1   xor() 12662 MB/s
[    3.780441] raid6: avx2x2   gen() 24682 MB/s
[    3.828298] raid6: avx2x2   xor() 16183 MB/s
[    3.876128] raid6: avx2x4   gen() 29560 MB/s
[    3.924435] raid6: avx2x4   xor() 14161 MB/s
[    3.925779] raid6: using algorithm avx2x4 gen() 29560 MB/s
[    3.927253] raid6: .... xor() 14161 MB/s, rmw enabled
[    3.928882] raid6: using avx2x2 recovery algorithm
[    3.932918] xor: automatically using best checksumming function   avx       
[    3.937160] async_tx: api initialized (async)
done.
Begin: Running /scripts/init-premount ... done.
Begin: Mounting root file system ... Begin: Running /scripts/local-top ... done.
Begin: Running /scripts/local-premount ... [    4.002042] Btrfs loaded, crc32c=crc32c-intel
Scanning for Btrfs filesystems
done.
Warning: fsck not present, so skipping root file system
[    4.036255] EXT4-fs (sda1): mounted filesystem with ordered data mode. Opts: (null)
done.
Begin: Running /scripts/local-bottom ... done.
Begin: Running /scripts/init-bottom ... done.
[    4.274332] ip_tables: (C) 2000-2006 Netfilter Core Team
[    4.289420] systemd[1]: systemd 237 running in system mode. (+PAM +AUDIT +SELINUX +IMA +APPARMOR +SMACK +SYSVINIT +UTMP +LIBCRYPTSETUP +GCRYPT +GNUTLS +ACL +XZ +LZ4 +SECCOMP +BLKID +ELFUTILS +KMOD -IDN2 +IDN -PCRE2 default-hierarchy=hybrid)
[    4.294015] systemd[1]: Detected virtualization oracle.
[    4.295136] systemd[1]: Detected architecture x86-64.

Welcome to [1mUbuntu 18.04.5 LTS[0m!

[    4.309539] systemd[1]: Set hostname to <ubuntu>.
[    4.318193] systemd[1]: Initializing machine ID from random generator.
[    4.319740] systemd[1]: Installed transient /etc/machine-id file.
[    4.670304] systemd[1]: Started Forward Password Requests to Wall Directory Watch.
[[0;32m  OK  [0m] Started Forward Password Requests to Wall Directory Watch.
[    4.672904] systemd[1]: Reached target User and Group Name Lookups.
[[0;32m  OK  [0m] Reached target User and Group Name Lookups.
[    4.675192] systemd[1]: Set up automount Arbitrary Executable File Formats File System Automount Point.
[[0;32m  OK  [0m] Set up automount Arbitrary Executabâ€¦rmats File System Automount Point.
[    4.678732] systemd[1]: Created slice System Slice.
[[0;32m  OK  [0m] Created slice System Slice.
[[0;32m  OK  [0m] Listening on udev Kernel Socket.
[[0;32m  OK  [0m] Listening on Syslog Socket.
[[0;32m  OK  [0m] Listening on Journal Audit Socket.
[[0;32m  OK  [0m] Listening on LVM2 poll daemon socket.
[[0;32m  OK  [0m] Listening on udev Control Socket.
[[0;32m  OK  [0m] Listening on Device-mapper event daemon FIFOs.
[[0;32m  OK  [0m] Listening on Journal Socket.
         Mounting Huge Pages File System...
         Starting Set the console keyboard layout...
         Starting Uncomplicated firewall...
         Starting udev Coldplug all Devices...
         Mounting Kernel Debug File System...
         Mounting POSIX Message Queue File System...
[[0;32m  OK  [0m] Reached target System Time Synchronized.
         Starting Remount Root and Kernel File Systems...
         Starting Create list of required stâ€¦ce nodes for the current kernel...
         Starting Load Kernel Modules...
[[0;32m  OK  [0m] Created slice User and Session Slice.
[[0;32m  OK  [0m] Listening on LVM2 metadata daemon socket.
         Starting Monitoring of LVM2 mirrorsâ€¦ng dmeventd or progress polling...
[[0;32m  OK  [0m] Listening on Network Service Netlink Socket.
[[0;32m  OK  [0m] Listening on Journal Socket (/dev/log).
         [    4.773126] EXT4-fs (sda1): re-mounted. Opts: (null)
Starting Journal Service...
[[0;32m  OK  [0m] Reached target Slices.
[[0;32m  OK  [0m] Reached target Swap.
[[0;32m  OK  [0m] Created slice system-serial\x2dgetty.slice.
[[0;32m  OK  [0m] Listening on /dev/initctl Compatibility Named Pipe.
[[0;32m  OK  [0m] Mounted Huge Pages File System.
[[0;32m  OK  [0m] Started Uncomplicated firewall.
[[0;32m  OK  [0m] Mounted Kernel Debug File System.
[[0;32m  OK  [0m] Mounted POSIX Message Queue File System.
[[0;32m  OK  [0m] Started Remount Root and Kernel File Systems.
[[0;32m  OK  [0m] Started Create list of required staâ€¦vice nodes for the current kernel.
         Starting Create Static Device Nodes in /dev...
[    4.835109] Loading iSCSI transport class v2.0-870.
         Starting Load/Save Random Seed...
[[0;32m  OK  [0m] Started Create Static Device Nodes in /dev.
[[0;32m  OK  [0m] Started LVM2 metadata daemon.
         Starting udev Kernel Device Manager...
[    4.901555] iscsi: registered transport (tcp)
[[0;32m  OK  [0m] Started udev Coldplug all Devices.
[[0;32m  OK  [0m] Started Load/Save Random Seed.
[[0;32m  OK  [0m] Started Journal Service.
         Starting Flush Journal to Persistent Storage...
[[0;32m  OK  [0m] Started Monitoring of LVM2 mirrors,â€¦sing dmeventd or progress polling.
[[0;32m  OK  [0m] Started udev Kernel Device Manager.
[    4.998566] iscsi: registered transport (iser)
[[0;32m  OK  [0m] Started Load Kernel Modules.
         Mounting Kernel Configuration File System...
         Mounting FUSE Control File System...
         Starting Apply Kernel Variables...
[[0;32m  OK  [0m] Mounted Kernel Configuration File System.
[[0;32m  OK  [0m] Mounted FUSE Control File System.
[    5.042406] systemd-journald[419]: Received request to flush runtime journal from PID 1
[[0;32m  OK  [0m] Started Apply Kernel Variables.
[[0;32m  OK  [0m] Started Flush Journal to Persistent Storage.
[[0;32m  OK  [0m] Found device /dev/ttyS0.
[[0;32m  OK  [0m] Listening on Load/Save RF Kill Switch Status /dev/rfkill Watch.
[[0;32m  OK  [0m] Started Set the console keyboard layout.
[[0;32m  OK  [0m] Reached target Local File Systems (Pre).
[[0;32m  OK  [0m] Reached target Local File Systems.
         Starting ebtables ruleset management...
         Starting Set console font and keymap...
         Starting Tell Plymouth To Write Out Runtime Data...
         Starting Commit a transient machine-id on disk...
         Starting AppArmor initialization...
         Starting Create Volatile Files and Directories...
[[0;32m  OK  [0m] Started Dispatch Password Requests to Console Directory Watch.
[[0;32m  OK  [0m] Reached target Local Encrypted Volumes.
[[0;32m  OK  [0m] Started Set console font and keymap.
[[0;32m  OK  [0m] Started Tell Plymouth To Write Out Runtime Data.
[[0;32m  OK  [0m] Started Commit a transient machine-id on disk.
[[0;32m  OK  [0m] Started Create Volatile Files and Directories.
         Starting Update UTMP about System Boot/Shutdown...
[[0;32m  OK  [0m] Started Update UTMP about System Boot/Shutdown.
[[0;32m  OK  [0m] Started ebtables ruleset management.
[[0;32m  OK  [0m] Started AppArmor initialization.
         Starting Load AppArmor profiles managed internally by snapd...
         Starting Initial cloud-init job (pre-networking)...
[[0;32m  OK  [0m] Started Load AppArmor profiles managed internally by snapd.
[   11.181906] cloud-init[643]: Cloud-init v. 20.3-2-g371b392c-0ubuntu1~18.04.1 running 'init-local' at Sat, 12 Dec 2020 09:11:50 +0000. Up 10.63 seconds.
[[0;32m  OK  [0m] Started Initial cloud-init job (pre-networking).
[[0;32m  OK  [0m] Reached target Network (Pre).
         Starting Network Service...
[[0;32m  OK  [0m] Started Network Service.
         Starting Network Name Resolution...
         Starting Wait for Network to be Configured...
[[0;32m  OK  [0m] Started Network Name Resolution.
[[0;32m  OK  [0m] Reached target Network.
[[0;32m  OK  [0m] Reached target Host and Network Name Lookups.
[[0;32m  OK  [0m] Started Wait for Network to be Configured.
         Starting Initial cloud-init job (metadata service crawler)...
[   13.310228] cloud-init[749]: Cloud-init v. 20.3-2-g371b392c-0ubuntu1~18.04.1 running 'init' at Sat, 12 Dec 2020 09:11:52 +0000. Up 13.01 seconds.
[   13.319771] cloud-init[749]: ci-info: ++++++++++++++++++++++++++++++++++++++Net device info+++++++++++++++++++++++++++++++++++++++
[   13.324194] cloud-init[749]: ci-info: +--------+-------+----------------------------+---------------+--------+-------------------+
[   13.328676] cloud-init[749]: ci-info: | Device |   Up  |          Address           |      Mask     | Scope  |     Hw-Address    |
[   13.333974] cloud-init[749]: ci-info: +--------+-------+----------------------------+---------------+--------+-------------------+
[   13.344544] cloud-init[749]: ci-info: | enp0s3 |  True |         10.0.2.15          | 255.255.255.0 | global | 02:57:50:35:f1:66 |
[   13.352338] cloud-init[749]: ci-info: | enp0s3 |  True | fe80::57:50ff:fe35:f166/64 |       .       |  link  | 02:57:50:35:f1:66 |
[   13.357586] cloud-init[749]: ci-info: | enp0s8 | False |             .              |       .       |   .    | 08:00:27:92:bd:e1 |
[   13.362760] cloud-init[749]: ci-info: |   lo   |  True |         127.0.0.1          |   255.0.0.0   |  host  |         .         |
[   13.372719] cloud-init[749]: ci-info: |   lo   |  True |          ::1/128           |       .       |  host  |         .         |
[   13.376183] cloud-init[749]: ci-info: +--------+-------+----------------------------+---------------+--------+-------------------+
[   13.384273] cloud-init[749]: ci-info: ++++++++++++++++++++++++++++Route IPv4 info+++++++++++++++++++++++++++++
[   13.387987] cloud-init[749]: ci-info: +-------+-------------+----------+-----------------+-----------+-------+
[   13.392266] cloud-init[749]: ci-info: | Route | Destination | Gateway  |     Genmask     | Interface | Flags |
[   13.398398] cloud-init[749]: ci-info: +-------+-------------+----------+-----------------+-----------+-------+
[   13.400418] cloud-init[749]: ci-info: |   0   |   0.0.0.0   | 10.0.2.2 |     0.0.0.0     |   enp0s3  |   UG  |
[   13.404148] cloud-init[749]: ci-info: |   1   |   10.0.2.0  | 0.0.0.0  |  255.255.255.0  |   enp0s3  |   U   |
[   13.407596] cloud-init[749]: ci-info: |   2   |   10.0.2.2  | 0.0.0.0  | 255.255.255.255 |   enp0s3  |   UH  |
[   13.411045] cloud-init[749]: ci-info: +-------+-------------+----------+-----------------+-----------+-------+
[   13.416747] cloud-init[749]: ci-info: +++++++++++++++++++Route IPv6 info+++++++++++++++++++
[   13.422156] cloud-init[749]: ci-info: +-------+-------------+---------+-----------+-------+
[   13.426775] cloud-init[749]: ci-info: | Route | Destination | Gateway | Interface | Flags |
[   13.431615] cloud-init[749]: ci-info: +-------+-------------+---------+-----------+-------+
[   13.433978] cloud-init[749]: ci-info: |   1   |  fe80::/64  |    ::   |   enp0s3  |   U   |
[   13.437255] cloud-init[749]: ci-info: |   3   |    local    |    ::   |   enp0s3  |   U   |
[   13.440026] cloud-init[749]: ci-info: |   4   |   ff00::/8  |    ::   |   enp0s3  |   U   |
[   13.443236] cloud-init[749]: ci-info: +-------+-------------+---------+-----------+-------+
[   14.199159] cloud-init[749]: Generating public/private rsa key pair.
[   14.200961] cloud-init[749]: Your identification has been saved in /etc/ssh/ssh_host_rsa_key.
[   14.204565] cloud-init[749]: Your public key has been saved in /etc/ssh/ssh_host_rsa_key.pub.
[   14.208440] cloud-init[749]: The key fingerprint is:
[   14.212357] cloud-init[749]: SHA256:DAZLA2t7kwKYrcZEGXMPY54kKuNhEvy8Pz9wB3IRYc0 root@ubuntu-bionic
[   14.216291] cloud-init[749]: The key's randomart image is:
[   14.220308] cloud-init[749]: +---[RSA 2048]----+
[   14.224164] cloud-init[749]: |o=+B+  +=        |
[   14.224955] cloud-init[749]: |+*Bo=+.. E       |
[   14.225769] cloud-init[749]: |O+*o..o .        |
[   14.228157] cloud-init[749]: |B=.+ + =         |
[   14.228985] cloud-init[749]: |.+o = o S        |
[   14.232205] cloud-init[749]: |.  + o . .       |
[   14.233115] cloud-init[749]: |    . o .        |
[   14.236248] cloud-init[749]: |     o .         |
[   14.240180] cloud-init[749]: |      o..        |
[   14.244602] cloud-init[749]: +----[SHA256]-----+
[   14.245993] cloud-init[749]: Generating public/private dsa key pair.
[   14.252478] cloud-init[749]: Your identification has been saved in /etc/ssh/ssh_host_dsa_key.
[   14.254811] cloud-init[749]: Your public key has been saved in /etc/ssh/ssh_host_dsa_key.pub.
[   14.260379] cloud-init[749]: The key fingerprint is:
[   14.261355] cloud-init[749]: SHA256:hXB6dZ/Gh5HDe8dO0o0HLS6tsewJzrPI0WnXa5s88q8 root@ubuntu-bionic
[   14.262856] cloud-init[749]: The key's randomart image is:
[   14.268502] cloud-init[749]: +---[DSA 1024]----+
[   14.269786] cloud-init[749]: |      . . . ...o |
[   14.270894] cloud-init[749]: |       + o . o*+.|
[   14.271874] cloud-init[749]: |      . o .  o*Oo|
[   14.276769] cloud-init[749]: |       . .  o.*.O|
[   14.278171] cloud-init[749]: |        S  . = *.|
[   14.279491] cloud-init[749]: |         ...+.  .|
[   14.285163] cloud-init[749]: |        .o+o...  |
[   14.286414] cloud-init[749]: |       . ++.+.oo |
[   14.287539] cloud-init[749]: |        o .o +E=.|
[   14.292397] cloud-init[749]: +----[SHA256]-----+
[   14.293237] cloud-init[749]: Generating public/private ecdsa key pair.
[   14.294277] cloud-init[749]: Your identification has been saved in /etc/ssh/ssh_host_ecdsa_key.
[   14.295574] cloud-init[749]: Your public key has been saved in /etc/ssh/ssh_host_ecdsa_key.pub.
[   14.300256] cloud-init[749]: The key fingerprint is:
[   14.301159] cloud-init[749]: SHA256:+SQYgdC5/DXw2PBFuAdZpM8DF2XDv8hXvduJcOfGuP4 root@ubuntu-bionic
[   14.304150] cloud-init[749]: The key's randomart image is:
[   14.308204] cloud-init[749]: +---[ECDSA 256]---+
[   14.326640] cloud-init[749]: |  .o o.  *=o+    |
[   14.328149] cloud-init[749]: |    + o.+..o..   |
[   14.332445] cloud-init[749]: |   . ..Bo+.  .  .|
[   14.333785] cloud-init[749]: |    o .oB*.   . o|
[   14.336413] cloud-init[749]: |     ...So=. . o.|
[   14.340580] cloud-init[749]: |      .  + oo.oo |
[   14.342757] cloud-init[749]: |          . o.* +|
[   14.348164] cloud-init[749]: |             o *.|
[   14.349252] cloud-init[749]: |            .o+E |
[   14.350556] cloud-init[749]: +----[SHA256]-----+
[   14.356711] cloud-init[749]: Generating public/private ed25519 key pair.
[   14.358401] cloud-init[749]: Your identification has been saved in /etc/ssh/ssh_host_ed25519_key.
[   14.361069] cloud-init[749]: Your public key has been saved in /etc/ssh/ssh_host_ed25519_key.pub.
[[0;32m  OK  [0m] Started Initial cloud-init job (metadata service crawler).
[[0;32m  OK  [0m] Reached target Cloud-config availability.
[   14.367254] cloud-init[749]: The key fingerprint is:
[[0;32m  OK  [0m] Reached target Network is Online.
[   14.370232] cloud-init[749]: SHA256:WTvaZAERzDQ8ehSKVcd45nY/w1gsofnNUwfSjn3osWc root@ubuntu-bionic
[   14.372577] cloud-init[749]: The key's randomart image is:
[   14.373952] cloud-init[749]: +--[ED25519 256]--+
[   14.375216] cloud-init[749]: |      .*O*.  .   |
[   14.376594] cloud-init[749]: |     o .B++ o o  |[[0;32m  OK  [0m] Reached target Remote File Systems (Pre).
[[0;32m  OK  [0m] Reached target Remote File Systems.
         Starting Availability of block devices...
[[0;32m  OK  [0m] Reached target System Initialization.

[   14.389261] cloud-init[749]: |    . .o =oo B o |
         Starting LXD - unix socket.
[[0;32m  OK  [0m] Started Message of the Day.
         Starting Socket activation for snappy daemon.
[   14.401682] cloud-init[749]: |      . .o=o+ B +|
[[0;32m  OK  [0m] Listening on ACPID Listen Socket.
[[0;32m  OK  [0m] Started Daily Cleanup of Temporary Directories.
[   14.408238] [[0;32m  OK  [0m] Listening on UUID daemon activation socket.
cloud-init[749]: |       .S.=o X =.|
[   14.411918] [[0;32m  OK  [0m] Started ACPI Events Check.
[[0;32m  OK  [0m] Started Discard unused blocks once a week.
[cloud-init[749]: |         = .o @ E|
[   14.418988] cloud-init[749]: |        . .    * |[0;32m  OK  [0m] Listening on Open-iSCSI iscsid Socket.
[[0;32m  OK  [0m] Listening on D-Bus System Message Bus Socket.
[[0;32m  OK  [0m
[   14.427284] cloud-init[749]: |                 |
] Started Daily apt download activities.
[[0;32m  OK  [0m] Started Daily apt upgrade and clean activities.
[[0;32m  OK  [0m] Reached target Timers.
[[0;32m  OK  [0m] Reached target Paths.
[[0;32m  OK  [0m] Started Availability of block devices.
[   14.429435] cloud-init[749]: |                 |[[0;32m  OK  [0m] Listening on LXD - unix socket.
[[0;32m  OK  [0m] Listening on Socket activation for snappy daemon.
[
[   14.452392] cloud-init[749]: +----[SHA256]-----+
[0;32m  OK  [0m] Reached target Sockets.
[[0;32m  OK  [0m] Reached target Basic System.
         Starting Snap Daemon...
[[0;32m  OK  [0m] Started D-Bus System Message Bus.
[[0;32m  OK  [0m] Started Regular background program processing daemon.
         Starting Pollinate to seed the pseudo random number generator...
         Starting Permit User Sessions...
         Starting Virtualbox guest utils...
[[0;32m  OK  [0m] Started Deferred execution scheduler.
         Starting Login Service...
         Starting Accounts Service...
[[0;32m  OK  [0m] Started FUSE filesystem for LXC.
         Starting LXD - container startup/shutdown...
         Starting System Logging Service...
[[0;32m  OK  [0m] Started irqbalance daemon.
         Starting LSB: automatic crash report generation...
         Starting LSB: Record successful boot for GRUB...
         Starting Dispatcher daemon for systemd-networkd...
[[0;32m  OK  [0m] Started System Logging Service.
[[0;32m  OK  [0m] Started Permit User Sessions.
         Starting Terminate Plymouth Boot Screen...
         Starting Hold until boot process finishes up...
[[0;32m  OK  [0m] Started Hold until boot process finishes up.
         Starting Set console scheme...
[[0;32m  OK  [0m] Started Serial Getty on ttyS0.
[[0;32m  OK  [0m] Started Terminate Plymouth Boot Screen.
[[0;32m  OK  [0m] Started Set console scheme.
[[0;32m  OK  [0m] Created slice system-getty.slice.
[[0;32m  OK  [0m] Started Getty on tty1.
[[0;32m  OK  [0m] Reached target Login Prompts.
[[0;32m  OK  [0m] Started Login Service.
[[0;32m  OK  [0m] Started Unattended Upgrades Shutdown.
         Starting Authorization Manager...
[[0;32m  OK  [0m] Started Authorization Manager.
[[0;32m  OK  [0m] Started Accounts Service.
[[0;32m  OK  [0m] Started LSB: automatic crash report generation.
[[0;32m  OK  [0m] Started LSB: Record successful boot for GRUB.
[[0;32m  OK  [0m] Started Virtualbox guest utils.
[[0;32m  OK  [0m] Started LXD - container startup/shutdown.
[[0;32m  OK  [0m] Started Dispatcher daemon for systemd-networkd.
[[0;32m  OK  [0m] Started Snap Daemon.
         Starting Wait until snapd is fully seeded...
[[0;32m  OK  [0m] Started Pollinate to seed the pseudo random number generator.
         Starting OpenBSD Secure Shell server...
[[0;32m  OK  [0m] Started OpenBSD Secure Shell server.
[[0;32m  OK  [0m] Created slice User Slice of vagrant.
         Starting User Manager for UID 1000...
[[0;32m  OK  [0m] Started Session 1 of user vagrant.
[[0;32m  OK  [0m] Started User Manager for UID 1000.
[[0;32m  OK  [0m] Started Wait until snapd is fully seeded.
         Starting Apply the settings specified in cloud-config...
[[0;32m  OK  [0m] Reached target Multi-User System.
[[0;32m  OK  [0m] Reached target Graphical Interface.
         Starting Update UTMP about System Runlevel Changes...
[[0;32m  OK  [0m] Started Update UTMP about System Runlevel Changes.

Ubuntu 18.04.5 LTS ubuntu-bionic ttyS0

ubuntu-bionic login: [   21.682175] cloud-init[1174]: Cloud-init v. 20.3-2-g371b392c-0ubuntu1~18.04.1 running 'modules:config' at Sat, 12 Dec 2020 09:11:59 +0000. Up 19.94 seconds.
ci-info: no authorized SSH keys fingerprints found for user ubuntu.
<14>Dec 12 09:12:02 ec2: 
<14>Dec 12 09:12:02 ec2: #############################################################
<14>Dec 12 09:12:02 ec2: -----BEGIN SSH HOST KEY FINGERPRINTS-----
<14>Dec 12 09:12:02 ec2: 1024 SHA256:hXB6dZ/Gh5HDe8dO0o0HLS6tsewJzrPI0WnXa5s88q8 root@ubuntu-bionic (DSA)
<14>Dec 12 09:12:02 ec2: 256 SHA256:+SQYgdC5/DXw2PBFuAdZpM8DF2XDv8hXvduJcOfGuP4 root@ubuntu-bionic (ECDSA)
<14>Dec 12 09:12:02 ec2: 256 SHA256:WTvaZAERzDQ8ehSKVcd45nY/w1gsofnNUwfSjn3osWc root@ubuntu-bionic (ED25519)
<14>Dec 12 09:12:02 ec2: 2048 SHA256:DAZLA2t7kwKYrcZEGXMPY54kKuNhEvy8Pz9wB3IRYc0 root@ubuntu-bionic (RSA)
<14>Dec 12 09:12:02 ec2: -----END SSH HOST KEY FINGERPRINTS-----
<14>Dec 12 09:12:02 ec2: #############################################################
-----BEGIN SSH HOST KEY KEYS-----
ecdsa-sha2-nistp256 AAAAE2VjZHNhLXNoYTItbmlzdHAyNTYAAAAIbmlzdHAyNTYAAABBBCJFQvP/PGvuuZGxPTE19JZVrZx/77v7yQbzBvvZ87lP2S+dd8NbnMISCphYvzSifh3tYNvS/+grKo0Dz0ofW70= root@ubuntu-bionic
ssh-ed25519 AAAAC3NzaC1lZDI1NTE5AAAAIGxuF9KiYjrJNEBVn2Q3RoqDkPHYAO9nndauk7FP6FxB root@ubuntu-bionic
ssh-rsa AAAAB3NzaC1yc2EAAAADAQABAAABAQCpqbgutq/M1VTVSef6ZvjoWfbUJXa4xr61nAfcVx/oyIDkYNl/tUP+3fx6wx2c43WiTKjGkCuWl1ADdQZ2HxyNA43YLee8dlYARL9Qgopf6MBrFJAdYm29kZY8LKLiYVW0gYWzqk5cnPbhTcGzzG8VWEpmAvgjdO1ACU8xasnTLWrUnf/WSkWwIR3fFXd+heQeL5gh2T0TU9zp7MxIWGQ1pMt8WiiZ5/zgkMiE709jpErUQGaS3MCf6Qy5yWiZtjF5r5AaZpmTnkdf8plHp3sRTr7ERjuhRnDGGFYEbksOcAJ9o77odu/GNqO0zSzRlvp2ryU51X1F7Bxf4B/JBHWL root@ubuntu-bionic
-----END SSH HOST KEY KEYS-----
[   23.077976] cloud-init[1327]: Cloud-init v. 20.3-2-g371b392c-0ubuntu1~18.04.1 running 'modules:final' at Sat, 12 Dec 2020 09:12:02 +0000. Up 22.78 seconds.
[   23.084319] cloud-init[1327]: ci-info: no authorized SSH keys fingerprints found for user ubuntu.
[   23.088110] cloud-init[1327]: Cloud-init v. 20.3-2-g371b392c-0ubuntu1~18.04.1 finished at Sat, 12 Dec 2020 09:12:02 +0000. Datasource DataSourceNoCloud [seed=/dev/sdb][dsmode=net].  Up 23.06 seconds
